EN kod_better NULL C:/Users/lab/gwieznda_flota_MHAT/kod_better.vhd sub00/vhpl05 1714492427
AR kod_better behavioral C:/Users/lab/gwieznda_flota_MHAT/kod_better.vhd sub00/vhpl06 1714492429
EN kod NULL C:/Users/lab/gwieznda_flota_MHAT/kod.vhd sub00/vhpl00 1713282911
EN schemat_better NULL C:/Users/lab/gwieznda_flota_MHAT/schemat_better.vhf sub00/vhpl07 1713282917
AR kod behavioral C:/Users/lab/gwieznda_flota_MHAT/kod.vhd sub00/vhpl02 1713282913
PH table_package NULL C:/Users/lab/gwieznda_flota_MHAT/kod_better.vhd sub00/vhpl01 1714492428
AR schemat_better behavioral C:/Users/lab/gwieznda_flota_MHAT/schemat_better.vhf sub00/vhpl08 1713282918
EN schemat NULL C:/Users/lab/gwieznda_flota_MHAT/schemat.vhf sub00/vhpl03 1714492430
AR schemat behavioral C:/Users/lab/gwieznda_flota_MHAT/schemat.vhf sub00/vhpl04 1714492431
